Spark Command: /usr/lib/jvm/java-11-openjdk-11.0.25.0.9-2.el8.x86_64/bin/java -cp /storage/work/ajv5723/Lab5/conf:/storage/icds/RISE/sw8/spark-3.3.0-bin-hadoop3/jars/* -Xmx1g org.apache.spark.deploy.master.Master --host p-bc-5021 --port 7077 --webui-port 8080
========================================
Using Spark's default log4j profile: org/apache/spark/log4j2-defaults.properties
25/02/11 21:53:21 INFO Master: Started daemon with process name: 1395951@p-bc-5021
25/02/11 21:53:21 INFO SignalUtils: Registering signal handler for TERM
25/02/11 21:53:21 INFO SignalUtils: Registering signal handler for HUP
25/02/11 21:53:21 INFO SignalUtils: Registering signal handler for INT
25/02/11 21:53:21 WARN MasterArguments: SPARK_MASTER_IP is deprecated, please use SPARK_MASTER_HOST
25/02/11 21:53:22 WARN NativeCodeLoader: Unable to load native-hadoop library for your platform... using builtin-java classes where applicable
25/02/11 21:53:22 INFO SecurityManager: Changing view acls to: ajv5723
25/02/11 21:53:22 INFO SecurityManager: Changing modify acls to: ajv5723
25/02/11 21:53:22 INFO SecurityManager: Changing view acls groups to: 
25/02/11 21:53:22 INFO SecurityManager: Changing modify acls groups to: 
25/02/11 21:53:22 INFO SecurityManager: SecurityManager: authentication disabled; ui acls disabled; users  with view permissions: Set(ajv5723); groups with view permissions: Set(); users  with modify permissions: Set(ajv5723); groups with modify permissions: Set()
25/02/11 21:53:22 INFO Utils: Successfully started service 'sparkMaster' on port 7077.
25/02/11 21:53:23 INFO Master: Starting Spark master at spark://p-bc-5021:7077
25/02/11 21:53:23 INFO Master: Running Spark version 3.3.0
25/02/11 21:53:23 INFO Utils: Successfully started service 'MasterUI' on port 8080.
25/02/11 21:53:23 INFO MasterWebUI: Bound MasterWebUI to 0.0.0.0, and started at http://p-bc-5021.2e.hpc.psu.edu:8080
25/02/11 21:53:23 INFO Master: I have been elected leader! New state: ALIVE
25/02/11 21:53:29 INFO Master: Registering worker 10.6.8.31:37983 with 2 cores, 7.0 GiB RAM
25/02/11 21:53:43 INFO Master: Registering app Lab 5 Top Reviews
25/02/11 21:53:43 INFO Master: Registered app Lab 5 Top Reviews with ID app-20250211215343-0000
25/02/11 21:53:43 INFO Master: Launching executor app-20250211215343-0000/0 on worker worker-20250211215328-10.6.8.31-37983
25/02/11 21:53:47 INFO Master: Received unregister request from application app-20250211215343-0000
25/02/11 21:53:47 INFO Master: Removing app app-20250211215343-0000
25/02/11 21:53:47 INFO Master: 10.6.8.31:48354 got disassociated, removing it.
25/02/11 21:53:47 INFO Master: p-bc-5021.2e.hpc.psu.edu:35359 got disassociated, removing it.
25/02/11 21:53:47 WARN Master: Got status update for unknown executor app-20250211215343-0000/0
